// Jest Snapshot v1, https://goo.gl/fbAQLP

exports[`Skills Home renders 1`] = `
<View
  style={
    Array [
      Object {},
    ]
  }
>
  <Text
    style={
      Array [
        Object {
          "color": "rgb(58, 61, 67)",
          "fontFamily": "Whitney-Book",
          "fontSize": 18,
          "fontWeight": "300",
          "marginBottom": 10,
          "marginLeft": 0,
          "marginRight": 0,
          "marginTop": 10,
        },
      ]
    }
  >
    Build your VirtaLife skills to maintain or level up your progress.
  </Text>
  <View
    screenWidth={750}
    style={
      Array [
        Object {
          "alignItems": "center",
          "display": "flex",
          "flexDirection": "row",
          "flexWrap": "wrap",
          "justifyContent": "space-between",
        },
      ]
    }
  >
    <View
      screenWidth={750}
      style={
        Array [
          Object {
            "height": 72,
            "marginBottom": 7,
            "marginLeft": 0,
            "marginRight": 0,
            "marginTop": 7,
            "width": "32%",
          },
        ]
      }
    >
      <TouchableOpacity
        onPress={[Function]}
        style={
          Array [
            Object {
              "height": "100%",
              "width": "100%",
            },
          ]
        }
      >
        <View
          backgroundColor="linkTilePurpleBackground"
          style={
            Array [
              Object {
                "backgroundColor": "rgb(193, 158, 212)",
                "borderRadius": 10,
                "display": "flex",
                "height": "100%",
                "justifyContent": "flex-start",
                "paddingBottom": 5,
                "paddingLeft": 5,
                "paddingRight": 5,
                "paddingTop": 5,
              },
            ]
          }
        >
          <Text
            labelColor="linkTilePurpleText"
            style={
              Array [
                Object {
                  "color": "rgb(63, 47, 120)",
                  "fontFamily": "Whitney-Semibold",
                  "fontSize": 18,
                  "fontWeight": "500",
                  "marginBottom": 10,
                  "marginLeft": 10,
                  "marginRight": 10,
                  "marginTop": 10,
                },
              ]
            }
          >
            Meal Planning Basics
          </Text>
        </View>
      </TouchableOpacity>
    </View>
    <View
      screenWidth={750}
      style={
        Array [
          Object {
            "height": 72,
            "marginBottom": 7,
            "marginLeft": 0,
            "marginRight": 0,
            "marginTop": 7,
            "width": "32%",
          },
        ]
      }
    >
      <TouchableOpacity
        onPress={[Function]}
        style={
          Array [
            Object {
              "height": "100%",
              "width": "100%",
            },
          ]
        }
      >
        <View
          backgroundColor="linkTileOrangeBackground"
          style={
            Array [
              Object {
                "backgroundColor": "rgb(252, 176, 65)",
                "borderRadius": 10,
                "display": "flex",
                "height": "100%",
                "justifyContent": "flex-start",
                "paddingBottom": 5,
                "paddingLeft": 5,
                "paddingRight": 5,
                "paddingTop": 5,
              },
            ]
          }
        >
          <Text
            labelColor="linkTileOrangeText"
            style={
              Array [
                Object {
                  "color": "rgb(127, 58, 5)",
                  "fontFamily": "Whitney-Semibold",
                  "fontSize": 18,
                  "fontWeight": "500",
                  "marginBottom": 10,
                  "marginLeft": 10,
                  "marginRight": 10,
                  "marginTop": 10,
                },
              ]
            }
          >
            Balancing Electrolytes
          </Text>
        </View>
      </TouchableOpacity>
    </View>
    <View
      screenWidth={750}
      style={
        Array [
          Object {
            "height": 72,
            "marginBottom": 7,
            "marginLeft": 0,
            "marginRight": 0,
            "marginTop": 7,
            "width": "32%",
          },
        ]
      }
    >
      <TouchableOpacity
        onPress={[Function]}
        style={
          Array [
            Object {
              "height": "100%",
              "width": "100%",
            },
          ]
        }
      >
        <View
          backgroundColor="linkTileBlueBackground"
          style={
            Array [
              Object {
                "backgroundColor": "rgb(158, 219, 255)",
                "borderRadius": 10,
                "display": "flex",
                "height": "100%",
                "justifyContent": "flex-start",
                "paddingBottom": 5,
                "paddingLeft": 5,
                "paddingRight": 5,
                "paddingTop": 5,
              },
            ]
          }
        >
          <Text
            labelColor="linkTileBlueText"
            style={
              Array [
                Object {
                  "color": "rgb(13, 70, 129)",
                  "fontFamily": "Whitney-Semibold",
                  "fontSize": 18,
                  "fontWeight": "500",
                  "marginBottom": 10,
                  "marginLeft": 10,
                  "marginRight": 10,
                  "marginTop": 10,
                },
              ]
            }
          >
            WOOP My Life
          </Text>
        </View>
      </TouchableOpacity>
    </View>
    <View
      screenWidth={750}
      style={
        Array [
          Object {
            "height": 72,
            "marginBottom": 7,
            "marginLeft": 0,
            "marginRight": 0,
            "marginTop": 7,
            "width": "32%",
          },
        ]
      }
    >
      <TouchableOpacity
        onPress={[Function]}
        style={
          Array [
            Object {
              "height": "100%",
              "width": "100%",
            },
          ]
        }
      >
        <View
          backgroundColor="linkTileRedBackground"
          style={
            Array [
              Object {
                "backgroundColor": "rgb(252, 142, 135)",
                "borderRadius": 10,
                "display": "flex",
                "height": "100%",
                "justifyContent": "flex-start",
                "paddingBottom": 5,
                "paddingLeft": 5,
                "paddingRight": 5,
                "paddingTop": 5,
              },
            ]
          }
        >
          <Text
            labelColor="linkTileRedText"
            style={
              Array [
                Object {
                  "color": "rgb(134, 9, 11)",
                  "fontFamily": "Whitney-Semibold",
                  "fontSize": 18,
                  "fontWeight": "500",
                  "marginBottom": 10,
                  "marginLeft": 10,
                  "marginRight": 10,
                  "marginTop": 10,
                },
              ]
            }
          >
            Emotional Agility
          </Text>
        </View>
      </TouchableOpacity>
    </View>
    <View
      screenWidth={750}
      style={
        Array [
          Object {
            "height": 72,
            "marginBottom": 7,
            "marginLeft": 0,
            "marginRight": 0,
            "marginTop": 7,
            "width": "32%",
          },
        ]
      }
    >
      <TouchableOpacity
        onPress={[Function]}
        style={
          Array [
            Object {
              "height": "100%",
              "width": "100%",
            },
          ]
        }
      >
        <View
          backgroundColor="linkTileOrangeBackground"
          style={
            Array [
              Object {
                "backgroundColor": "rgb(252, 176, 65)",
                "borderRadius": 10,
                "display": "flex",
                "height": "100%",
                "justifyContent": "flex-start",
                "paddingBottom": 5,
                "paddingLeft": 5,
                "paddingRight": 5,
                "paddingTop": 5,
              },
            ]
          }
        >
          <Text
            labelColor="linkTileOrangeText"
            style={
              Array [
                Object {
                  "color": "rgb(127, 58, 5)",
                  "fontFamily": "Whitney-Semibold",
                  "fontSize": 18,
                  "fontWeight": "500",
                  "marginBottom": 10,
                  "marginLeft": 10,
                  "marginRight": 10,
                  "marginTop": 10,
                },
              ]
            }
          >
            Finding the Right Fats
          </Text>
        </View>
      </TouchableOpacity>
    </View>
    <View
      screenWidth={750}
      style={
        Array [
          Object {
            "height": 72,
            "marginBottom": 7,
            "marginLeft": 0,
            "marginRight": 0,
            "marginTop": 7,
            "width": "32%",
          },
        ]
      }
    >
      <TouchableOpacity
        onPress={[Function]}
        style={
          Array [
            Object {
              "height": "100%",
              "width": "100%",
            },
          ]
        }
      >
        <View
          backgroundColor="linkTileRedBackground"
          style={
            Array [
              Object {
                "backgroundColor": "rgb(252, 142, 135)",
                "borderRadius": 10,
                "display": "flex",
                "height": "100%",
                "justifyContent": "flex-start",
                "paddingBottom": 5,
                "paddingLeft": 5,
                "paddingRight": 5,
                "paddingTop": 5,
              },
            ]
          }
        >
          <Text
            labelColor="linkTileRedText"
            style={
              Array [
                Object {
                  "color": "rgb(134, 9, 11)",
                  "fontFamily": "Whitney-Semibold",
                  "fontSize": 18,
                  "fontWeight": "500",
                  "marginBottom": 10,
                  "marginLeft": 10,
                  "marginRight": 10,
                  "marginTop": 10,
                },
              ]
            }
          >
            Finding the Right Fats 
          </Text>
        </View>
      </TouchableOpacity>
    </View>
    <View
      screenWidth={750}
      style={
        Array [
          Object {
            "height": 72,
            "marginBottom": 7,
            "marginLeft": 0,
            "marginRight": 0,
            "marginTop": 7,
            "width": "32%",
          },
        ]
      }
    >
      <TouchableOpacity
        onPress={[Function]}
        style={
          Array [
            Object {
              "height": "100%",
              "width": "100%",
            },
          ]
        }
      >
        <View
          backgroundColor="linkTileBlueBackground"
          style={
            Array [
              Object {
                "backgroundColor": "rgb(158, 219, 255)",
                "borderRadius": 10,
                "display": "flex",
                "height": "100%",
                "justifyContent": "flex-start",
                "paddingBottom": 5,
                "paddingLeft": 5,
                "paddingRight": 5,
                "paddingTop": 5,
              },
            ]
          }
        >
          <Text
            labelColor="linkTileBlueText"
            style={
              Array [
                Object {
                  "color": "rgb(13, 70, 129)",
                  "fontFamily": "Whitney-Semibold",
                  "fontSize": 18,
                  "fontWeight": "500",
                  "marginBottom": 10,
                  "marginLeft": 10,
                  "marginRight": 10,
                  "marginTop": 10,
                },
              ]
            }
          >
            Finding the Right Fats  
          </Text>
        </View>
      </TouchableOpacity>
    </View>
    <View
      screenWidth={750}
      style={
        Array [
          Object {
            "height": 72,
            "marginBottom": 7,
            "marginLeft": 0,
            "marginRight": 0,
            "marginTop": 7,
            "width": "32%",
          },
        ]
      }
    >
      <TouchableOpacity
        onPress={[Function]}
        style={
          Array [
            Object {
              "height": "100%",
              "width": "100%",
            },
          ]
        }
      >
        <View
          backgroundColor="linkTileGreenBackground"
          style={
            Array [
              Object {
                "backgroundColor": "rgb(112, 200, 181)",
                "borderRadius": 10,
                "display": "flex",
                "height": "100%",
                "justifyContent": "flex-start",
                "paddingBottom": 5,
                "paddingLeft": 5,
                "paddingRight": 5,
                "paddingTop": 5,
              },
            ]
          }
        >
          <Text
            labelColor="linkTileGreenText"
            style={
              Array [
                Object {
                  "color": "rgb(0, 82, 52)",
                  "fontFamily": "Whitney-Semibold",
                  "fontSize": 18,
                  "fontWeight": "500",
                  "marginBottom": 10,
                  "marginLeft": 10,
                  "marginRight": 10,
                  "marginTop": 10,
                },
              ]
            }
          >
            Finding the Right Fats   
          </Text>
        </View>
      </TouchableOpacity>
    </View>
    <View
      screenWidth={750}
      style={
        Array [
          Object {
            "height": 72,
            "marginBottom": 7,
            "marginLeft": 0,
            "marginRight": 0,
            "marginTop": 7,
            "width": "32%",
          },
        ]
      }
    >
      <TouchableOpacity
        onPress={[Function]}
        style={
          Array [
            Object {
              "height": "100%",
              "width": "100%",
            },
          ]
        }
      >
        <View
          backgroundColor="linkTilePinkBackground"
          style={
            Array [
              Object {
                "backgroundColor": "rgb(252, 156, 202)",
                "borderRadius": 10,
                "display": "flex",
                "height": "100%",
                "justifyContent": "flex-start",
                "paddingBottom": 5,
                "paddingLeft": 5,
                "paddingRight": 5,
                "paddingTop": 5,
              },
            ]
          }
        >
          <Text
            labelColor="linkTilePinkText"
            style={
              Array [
                Object {
                  "color": "rgb(143, 1, 99)",
                  "fontFamily": "Whitney-Semibold",
                  "fontSize": 18,
                  "fontWeight": "500",
                  "marginBottom": 10,
                  "marginLeft": 10,
                  "marginRight": 10,
                  "marginTop": 10,
                },
              ]
            }
          >
            Finding the Right Fat
          </Text>
        </View>
      </TouchableOpacity>
    </View>
  </View>
</View>
`;
